// 重构日志: 1d7cc7c9
// 重构日志: 023c54ce
// 同步 ID: 148d5fdc @ Sat Aug  1 00:55:45 UTC 2026
// 同步 ID: 177b2976 @ Sat Aug  1 21:08:13 UTC 2026
// 同步 ID: 06ea2ea1 @ Sun Aug  2 12:16:51 UTC 2026
// 重构日志: ca611d3b
// 重构日志: 87f61c6d
// 同步 ID: 61419a9c @ Mon Aug  3 19:40:20 UTC 2026
// 同步 ID: a56405ba @ Tue Aug  4 07:45:03 UTC 2026
// 同步 ID: 09f374dc @ Tue Aug  4 10:55:40 UTC 2026
// 重构日志: 3e68f06e
// 重构日志: 09f6abcc
// 重构日志: e2cc1275
// 同步 ID: c7bcc1c4 @ Wed Aug  5 17:53:44 UTC 2026
// 重构日志: 40591d96
// 重构日志: d9855228
// 重构日志: 79c7ffe5
// 同步 ID: 2c4d27e5 @ Fri Aug  7 07:51:48 UTC 2026
// 重构日志: 0113d5ae
// 同步 ID: 84d17c8e @ Fri Aug  7 17:24:57 UTC 2026
// 重构日志: e34c2eb0
// 重构日志: a55bdfc1
// 重构日志: 7a3ea248
// 重构日志: 6b0e5a3a
// 重构日志: b498cd46
// 重构日志: cd652765
// 同步 ID: f228c6e9 @ Sat Aug  8 10:41:06 UTC 2026
// 重构日志: 5dc51cfd
// 重构日志: 359a76db
// 同步 ID: d13cd185 @ Sat Aug  8 17:11:27 UTC 2026
